// Vitest Snapshot v1

exports[`ErrorPage > Match Snapshot 1`] = `
<div>
  <div
    class="_errorPage_8c5621"
  >
    <img
      alt="404"
      src="/src/assets/img/404.jpg"
    />
    <a
      class="_homeLink_8c5621"
      href="/"
    >
      Go to the main page
    </a>
  </div>
</div>
`;
