// Vitest Snapshot v1

exports[`App > Match Snapshot 1`] = `
<div>
  <div
    class="_wrapper_a7a865"
  >
    <div
      class="_pokedexCase_a7a865"
    >
      <div
        class="_pokedexScreenFrame_a7a865"
      >
        <div
          class="_pokedexScreen_a7a865"
        >
          <div
            class="_screenHeader_41c9e3"
          >
            <a
              aria-current="page"
              class="_homeLinkHidden_41c9e3"
              href="/"
            >
              Go 
              <br />
               Home
            </a>
            <input
              class="_search_7818f8"
              placeholder="Search a Pokémon..."
              type="text"
            />
          </div>
          Loading...
        </div>
      </div>
      <div
        class="_brand_a7a865"
      >
        Diego Sanz Technologies ®
      </div>
    </div>
  </div>
</div>
`;
